
> jwmj-website@0.1.0 build
> next build

   Γû▓ Next.js 15.4.4
   - Environments: .env

   Creating an optimized production build ...
node.exe : <w> [webpack.cache.PackFileCacheStrategy] Caching failed for pack: 
Error: ENOENT: no such file or directory, rename 
'D:\Websites\jwmj-website\.next\cache\webpack\client-production\7.pack_' -> 
'D:\Websites\jwmj-website\.next\cache\webpack\client-production\7.pack'
At line:1 char:1
+ & "C:\nvm4w\nodejs/node.exe" "C:\nvm4w\nodejs/node_modules/npm/bin/np ...
+ ~~~~~~~~~~~~~~~~~~~~~~~~~~~~~~~~~~~~~~~~~~~~~~~~~~~~~~~~~~~~~~~~~~~~~
    + CategoryInfo          : NotSpecified: (<w> [webpack.ca...duction\7.pack' 
   :String) [], RemoteException
    + FullyQualifiedErrorId : NativeCommandError
 
 Γ£ô Compiled successfully in 33.0s
   Linting and checking validity of types ...

./src/app/member/(portal)/layout.tsx
5:8  Warning: 'Link' is defined but never used.  @typescript-eslint/no-unused-vars

./src/components/MobileNav.tsx
6:30  Warning: 'Menu' is defined but never used.  @typescript-eslint/no-unused-vars

./src/lib/auth.ts
287:3  Warning: '_event' is defined but never used.  @typescript-eslint/no-unused-vars
288:3  Warning: '_userId' is defined but never used.  @typescript-eslint/no-unused-vars
289:3  Warning: '_details' is defined but never used.  @typescript-eslint/no-unused-vars
290:3  Warning: '_request' is defined but never used.  @typescript-eslint/no-unused-vars

info  - Need to disable some ESLint rules? Learn more here: https://nextjs.org/docs/app/api-reference/config/eslint#disabling-rules
   Collecting page data ...
   Generating static pages (0/69) ...
   Generating static pages (17/69) 
   Generating static pages (34/69) 
   Generating static pages (51/69) 
 Γ£ô Generating static pages (69/69)
   Finalizing page optimization ...
   Collecting build traces ...

Route (app)                                 Size  First Load JS
Γöî Γùï /                                    8.18 kB         117 kB
Γö£ Γùï /_not-found                            240 B         100 kB
Γö£ Γùï /about                               2.93 kB         108 kB
Γö£ Γùï /about-jwmyo                           170 B         105 kB
Γö£ Γùï /admin                               12.5 kB         228 kB
Γö£ Γùï /admin/business-ads                  4.54 kB         104 kB
Γö£ Γùï /admin/events                        7.85 kB         113 kB
Γö£ Γùï /admin/form-builder                    13 kB         239 kB
Γö£ Γùï /admin/login                         3.48 kB         103 kB
Γö£ Γùï /admin/members                       7.74 kB         108 kB
Γö£ Γùï /admin/settings                      5.62 kB         105 kB
Γö£ Γùï /admin/submissions                   7.08 kB         229 kB
Γö£ ╞Æ /api/admin/events/registrations        240 B         100 kB
Γö£ ╞Æ /api/audit-logs                        240 B         100 kB
Γö£ ╞Æ /api/auth/forgot-password              240 B         100 kB
Γö£ ╞Æ /api/auth/login                        240 B         100 kB
Γö£ ╞Æ /api/auth/logout                       240 B         100 kB
Γö£ ╞Æ /api/auth/register                     240 B         100 kB
Γö£ ╞Æ /api/auth/reset-password               240 B         100 kB
Γö£ ╞Æ /api/auth/send-verification            240 B         100 kB
Γö£ ╞Æ /api/auth/session                      240 B         100 kB
Γö£ ╞Æ /api/auth/validate-reset-token         240 B         100 kB
Γö£ ╞Æ /api/auth/verify-email                 240 B         100 kB
Γö£ ╞Æ /api/business                          240 B         100 kB
Γö£ ╞Æ /api/events                            240 B         100 kB
Γö£ ╞Æ /api/events/[id]                       240 B         100 kB
Γö£ ╞Æ /api/events/register                   240 B         100 kB
Γö£ ╞Æ /api/events/upload                     240 B         100 kB
Γö£ ╞Æ /api/forms                             240 B         100 kB
Γö£ ╞Æ /api/forms/[formId]                    240 B         100 kB
Γö£ ╞Æ /api/forms/by-type/[formType]          240 B         100 kB
Γö£ ╞Æ /api/forms/upload-pdf                  240 B         100 kB
Γö£ ╞Æ /api/member                            240 B         100 kB
Γö£ ╞Æ /api/member/applications               240 B         100 kB
Γö£ ╞Æ /api/member/business-ads               240 B         100 kB
Γö£ ╞Æ /api/member/business-ads/upload        240 B         100 kB
Γö£ ╞Æ /api/member/dashboard                  240 B         100 kB
Γö£ ╞Æ /api/member/family-tree                240 B         100 kB
Γö£ ╞Æ /api/member/fees                       240 B         100 kB
Γö£ ╞Æ /api/member/get-id                     240 B         100 kB
Γö£ ╞Æ /api/settings/announcement             240 B         100 kB
Γö£ ╞Æ /api/submissions                       240 B         100 kB
Γö£ ╞Æ /api/submissions/[submissionId]        240 B         100 kB
Γö£ ╞Æ /api/submissions/export                240 B         100 kB
Γö£ ╞Æ /api/submissions/stats                 240 B         100 kB
Γö£ ╞Æ /api/users                             240 B         100 kB
Γö£ ╞Æ /api/users/[id]                        240 B         100 kB
Γö£ ╞Æ /api/users/bulk                        240 B         100 kB
Γö£ ╞Æ /api/users/search                      240 B         100 kB
Γö£ ╞Æ /api/users/stats                       240 B         100 kB
Γö£ Γùï /business                            4.08 kB         112 kB
Γö£ Γùï /contact                               170 B         105 kB
Γö£ Γùï /events                              7.56 kB         113 kB
Γö£ Γùï /forms                               6.06 kB         109 kB
Γö£ ╞Æ /forms/[formType]                    3.65 kB         111 kB
Γö£ Γùï /member                              4.89 kB         113 kB
Γö£ Γùï /member/applications                 4.16 kB         107 kB
Γö£ Γùï /member/business-ads                 5.19 kB         113 kB
Γö£ Γùï /member/business-ads/new             4.22 kB         116 kB
Γö£ Γùï /member/events                       7.49 kB         113 kB
Γö£ Γùï /member/family                       4.09 kB         104 kB
Γö£ Γùï /member/fees                         3.19 kB         103 kB
Γö£ Γùï /member/forgot-password              2.33 kB         111 kB
Γö£ Γùï /member/login                        3.08 kB         111 kB
Γö£ Γùï /member/register                      5.3 kB         114 kB
Γö£ Γùï /member/reset-password               3.21 kB         112 kB
Γö£ Γùï /presidency                          4.76 kB         110 kB
Γö£ Γùï /privacy-policy                        240 B         100 kB
Γö£ Γùï /robots.txt                            240 B         100 kB
Γö£ Γùï /sitemap.xml                           240 B         100 kB
Γö£ Γùï /terms-of-service                      240 B         100 kB
Γöö Γùï /youth-programs                        240 B         100 kB
+ First Load JS shared by all            99.8 kB
  Γö£ chunks/4bd1b696-9909f507f95988b8.js  54.1 kB
  Γö£ chunks/5964-051b61df2111a0cd.js      43.7 kB
  Γöö other shared chunks (total)          1.98 kB


Γùï  (Static)   prerendered as static content
╞Æ  (Dynamic)  server-rendered on demand

